// Jest Snapshot v1, https://goo.gl/fbAQLP

exports[`App renders as expected 1`] = `
<div>
  <h1>
    Welcome To React Custom!
  </h1>
</div>
`;
