// Jest Snapshot v1, https://goo.gl/fbAQLP

exports[`App renders as expected 1`] = `
<section
  className="App"
>
  <_default />
  <Connect(GameBoardContainer) />
</section>
`;
