// Jest Snapshot v1, https://goo.gl/fbAQLP

exports[`<PageHeader /> renders as expected 1`] = `
<styled.header>
  <styled.h1>
    Tic Tac Toe
  </styled.h1>
</styled.header>
`;
